INFO: localdir at /localscratch/13599401.michal.kubacki
INFO: your job will run on local system.
Assuming unrestricted shared filesystem usage for local execution.
Building DAG of jobs...
Using shell: /usr/bin/bash
Provided cores: 96
Rules claiming more threads will be scaled down.
Job stats:
job                            count
---------------------------  -------
AUCell_direct                      1
AUCell_extended                    1
all                                1
download_genome_annotations        1
eGRN_direct                        1
eGRN_extended                      1
get_search_space                   1
motif_enrichment_cistarget         1
motif_enrichment_dem               1
prepare_GEX_ACC_multiome           1
prepare_menr                       1
region_to_gene                     1
scplus_mudata                      1
tf_to_gene                         1
total                             14

Select jobs to execute...
Execute 3 jobs...

[Wed Jul 17 13:39:29 2024]
localrule prepare_GEX_ACC_multiome:
    input: /group/testa/michal.kubacki/herring/output_hg19_all_inhibitory_all_ages/cistopic_obj.pkl, /group/testa/michal.kubacki/herring/output_hg19_all_inhibitory_all_ages/adata.h5ad
    output: /group/testa/michal.kubacki/herring/scenic_all_inhibitory_all_ages/ACC_GEX.h5mu
    jobid: 2
    reason: Forced execution
    resources: tmpdir=/localscratch/13599401.michal.kubacki


[Wed Jul 17 13:39:29 2024]
localrule download_genome_annotations:
    output: /group/testa/michal.kubacki/herring/scenic_all_inhibitory_all_ages/genome_annotation.tsv, /group/testa/michal.kubacki/herring/scenic_all_inhibitory_all_ages/chromsizes.tsv
    jobid: 8
    reason: Forced execution
    resources: tmpdir=/localscratch/13599401.michal.kubacki


[Wed Jul 17 13:39:29 2024]
localrule motif_enrichment_cistarget:
    input: /group/testa/michal.kubacki/herring/output_hg19_all_inhibitory_all_ages/region_sets, /group/testa/michal.kubacki/herring/output_hg19_all_inhibitory_all_ages/cistarget_motif_dataset.regions_vs_motifs.rankings.feather, /group/testa/michal.kubacki/herring/scenic_input/motifs-v9-nr.hgnc-m0.001-o0.0.tbl
    output: /group/testa/michal.kubacki/herring/scenic_all_inhibitory_all_ages/ctx_results.hdf5, /group/testa/michal.kubacki/herring/scenic_all_inhibitory_all_ages/ctx_results.html
    jobid: 9
    reason: Forced execution
    threads: 32
    resources: tmpdir=/localscratch/13599401.michal.kubacki

2024-07-17 13:41:42,167 SCENIC+      INFO     Reading region sets from: /group/testa/michal.kubacki/herring/output_hg19_all_inhibitory_all_ages/region_sets
2024-07-17 13:41:42,173 SCENIC+      INFO     Reading all .bed files in: Topics_top_3k
2024-07-17 13:41:42,252 SCENIC+      INFO     Reading cisTopic object.
2024-07-17 13:41:43,916 SCENIC+      INFO     Reading all .bed files in: DARs_cell_type
2024-07-17 13:41:44,107 SCENIC+      INFO     Reading all .bed files in: Topics_otsu
2024-07-17 13:42:02,511 SCENIC+      INFO     Reading gene expression AnnData.
Traceback (most recent call last):
  File "/home/michal.kubacki/miniconda3/envs/scenicplusnew/bin/scenicplus", line 33, in <module>
    sys.exit(load_entry_point('scenicplus', 'console_scripts', 'scenicplus')())
             ^^^^^^^^^^^^^^^^^^^^^^^^^^^^^^^^^^^^^^^^^^^^^^^^^^^^^^^^^^^^^^^^^
  File "/home/michal.kubacki/Downloads/scenicplus/src/scenicplus/cli/scenicplus.py", line 1137, in main
    args.func(args)
  File "/home/michal.kubacki/Downloads/scenicplus/src/scenicplus/cli/scenicplus.py", line 44, in command_prepare_GEX_ACC
    prepare_GEX_ACC(
  File "/home/michal.kubacki/Downloads/scenicplus/src/scenicplus/cli/commands.py", line 61, in prepare_GEX_ACC
    mdata = process_multiome_data(
            ^^^^^^^^^^^^^^^^^^^^^^
  File "/home/michal.kubacki/Downloads/scenicplus/src/scenicplus/data_wrangling/adata_cistopic_wrangling.py", line 39, in process_multiome_data
    raise Exception(
Exception: No cells found which are present in both assays, check input and consider using `bc_transform_func`!
[Wed Jul 17 13:42:14 2024]
Error in rule prepare_GEX_ACC_multiome:
    jobid: 2
    input: /group/testa/michal.kubacki/herring/output_hg19_all_inhibitory_all_ages/cistopic_obj.pkl, /group/testa/michal.kubacki/herring/output_hg19_all_inhibitory_all_ages/adata.h5ad
    output: /group/testa/michal.kubacki/herring/scenic_all_inhibitory_all_ages/ACC_GEX.h5mu
    shell:
        
            scenicplus prepare_data prepare_GEX_ACC                 --cisTopic_obj_fname /group/testa/michal.kubacki/herring/output_hg19_all_inhibitory_all_ages/cistopic_obj.pkl                 --GEX_anndata_fname /group/testa/michal.kubacki/herring/output_hg19_all_inhibitory_all_ages/adata.h5ad                 --out_file /group/testa/michal.kubacki/herring/scenic_all_inhibitory_all_ages/ACC_GEX.h5mu                 --bc_transform_func "lambda x: f'{x}'"
            
        (one of the commands exited with non-zero exit code; note that snakemake uses bash strict mode!)

Traceback (most recent call last):
  File "/home/michal.kubacki/miniconda3/envs/scenicplusnew/lib/python3.11/site-packages/urllib3/connectionpool.py", line 793, in urlopen
    response = self._make_request(
               ^^^^^^^^^^^^^^^^^^^
  File "/home/michal.kubacki/miniconda3/envs/scenicplusnew/lib/python3.11/site-packages/urllib3/connectionpool.py", line 537, in _make_request
    response = conn.getresponse()
               ^^^^^^^^^^^^^^^^^^
  File "/home/michal.kubacki/miniconda3/envs/scenicplusnew/lib/python3.11/site-packages/urllib3/connection.py", line 466, in getresponse
    httplib_response = super().getresponse()
                       ^^^^^^^^^^^^^^^^^^^^^
  File "/home/michal.kubacki/miniconda3/envs/scenicplusnew/lib/python3.11/http/client.py", line 1395, in getresponse
    response.begin()
  File "/home/michal.kubacki/miniconda3/envs/scenicplusnew/lib/python3.11/http/client.py", line 325, in begin
    version, status, reason = self._read_status()
                              ^^^^^^^^^^^^^^^^^^^
  File "/home/michal.kubacki/miniconda3/envs/scenicplusnew/lib/python3.11/http/client.py", line 294, in _read_status
    raise RemoteDisconnected("Remote end closed connection without"
http.client.RemoteDisconnected: Remote end closed connection without response

During handling of the above exception, another exception occurred:

Traceback (most recent call last):
  File "/home/michal.kubacki/miniconda3/envs/scenicplusnew/lib/python3.11/site-packages/requests/adapters.py", line 486, in send
    resp = conn.urlopen(
           ^^^^^^^^^^^^^
  File "/home/michal.kubacki/miniconda3/envs/scenicplusnew/lib/python3.11/site-packages/urllib3/connectionpool.py", line 847, in urlopen
    retries = retries.increment(
              ^^^^^^^^^^^^^^^^^^
  File "/home/michal.kubacki/miniconda3/envs/scenicplusnew/lib/python3.11/site-packages/urllib3/util/retry.py", line 470, in increment
    raise reraise(type(error), error, _stacktrace)
          ^^^^^^^^^^^^^^^^^^^^^^^^^^^^^^^^^^^^^^^^
  File "/home/michal.kubacki/miniconda3/envs/scenicplusnew/lib/python3.11/site-packages/urllib3/util/util.py", line 38, in reraise
    raise value.with_traceback(tb)
  File "/home/michal.kubacki/miniconda3/envs/scenicplusnew/lib/python3.11/site-packages/urllib3/connectionpool.py", line 793, in urlopen
    response = self._make_request(
               ^^^^^^^^^^^^^^^^^^^
  File "/home/michal.kubacki/miniconda3/envs/scenicplusnew/lib/python3.11/site-packages/urllib3/connectionpool.py", line 537, in _make_request
    response = conn.getresponse()
               ^^^^^^^^^^^^^^^^^^
  File "/home/michal.kubacki/miniconda3/envs/scenicplusnew/lib/python3.11/site-packages/urllib3/connection.py", line 466, in getresponse
    httplib_response = super().getresponse()
                       ^^^^^^^^^^^^^^^^^^^^^
  File "/home/michal.kubacki/miniconda3/envs/scenicplusnew/lib/python3.11/http/client.py", line 1395, in getresponse
    response.begin()
  File "/home/michal.kubacki/miniconda3/envs/scenicplusnew/lib/python3.11/http/client.py", line 325, in begin
    version, status, reason = self._read_status()
                              ^^^^^^^^^^^^^^^^^^^
  File "/home/michal.kubacki/miniconda3/envs/scenicplusnew/lib/python3.11/http/client.py", line 294, in _read_status
    raise RemoteDisconnected("Remote end closed connection without"
urllib3.exceptions.ProtocolError: ('Connection aborted.', RemoteDisconnected('Remote end closed connection without response'))

During handling of the above exception, another exception occurred:

Traceback (most recent call last):
  File "/home/michal.kubacki/miniconda3/envs/scenicplusnew/bin/scenicplus", line 33, in <module>
    sys.exit(load_entry_point('scenicplus', 'console_scripts', 'scenicplus')())
             ^^^^^^^^^^^^^^^^^^^^^^^^^^^^^^^^^^^^^^^^^^^^^^^^^^^^^^^^^^^^^^^^^
  File "/home/michal.kubacki/Downloads/scenicplus/src/scenicplus/cli/scenicplus.py", line 1137, in main
    args.func(args)
  File "/home/michal.kubacki/Downloads/scenicplus/src/scenicplus/cli/scenicplus.py", line 167, in download_command
    download_gene_annotation_chromsizes(
  File "/home/michal.kubacki/Downloads/scenicplus/src/scenicplus/cli/commands.py", line 412, in download_gene_annotation_chromsizes
    result = download_gene_annotation_and_chromsizes(
             ^^^^^^^^^^^^^^^^^^^^^^^^^^^^^^^^^^^^^^^^
  File "/home/michal.kubacki/Downloads/scenicplus/src/scenicplus/data_wrangling/gene_search_space.py", line 59, in download_gene_annotation_and_chromsizes
    mart = server["ENSEMBL_MART_ENSEMBL"]
           ~~~~~~^^^^^^^^^^^^^^^^^^^^^^^^
  File "/home/michal.kubacki/miniconda3/envs/scenicplusnew/lib/python3.11/site-packages/pybiomart/server.py", line 55, in __getitem__
    return self.marts[name]
           ^^^^^^^^^^
  File "/home/michal.kubacki/miniconda3/envs/scenicplusnew/lib/python3.11/site-packages/pybiomart/server.py", line 61, in marts
    self._marts = self._fetch_marts()
                  ^^^^^^^^^^^^^^^^^^^
  File "/home/michal.kubacki/miniconda3/envs/scenicplusnew/lib/python3.11/site-packages/pybiomart/server.py", line 79, in _fetch_marts
    response = self.get(type='registry')
               ^^^^^^^^^^^^^^^^^^^^^^^^^
  File "/home/michal.kubacki/miniconda3/envs/scenicplusnew/lib/python3.11/site-packages/pybiomart/base.py", line 110, in get
    r = requests.get(self.url, params=params)
        ^^^^^^^^^^^^^^^^^^^^^^^^^^^^^^^^^^^^^
  File "/home/michal.kubacki/miniconda3/envs/scenicplusnew/lib/python3.11/site-packages/requests/api.py", line 73, in get
    return request("get", url, params=params, **kwargs)
           ^^^^^^^^^^^^^^^^^^^^^^^^^^^^^^^^^^^^^^^^^^^^
  File "/home/michal.kubacki/miniconda3/envs/scenicplusnew/lib/python3.11/site-packages/requests/api.py", line 59, in request
    return session.request(method=method, url=url, **kwargs)
           ^^^^^^^^^^^^^^^^^^^^^^^^^^^^^^^^^^^^^^^^^^^^^^^^^
  File "/home/michal.kubacki/miniconda3/envs/scenicplusnew/lib/python3.11/site-packages/requests/sessions.py", line 589, in request
    resp = self.send(prep, **send_kwargs)
           ^^^^^^^^^^^^^^^^^^^^^^^^^^^^^^
  File "/home/michal.kubacki/miniconda3/envs/scenicplusnew/lib/python3.11/site-packages/requests/sessions.py", line 703, in send
    r = adapter.send(request, **kwargs)
        ^^^^^^^^^^^^^^^^^^^^^^^^^^^^^^^
  File "/home/michal.kubacki/miniconda3/envs/scenicplusnew/lib/python3.11/site-packages/requests/adapters.py", line 501, in send
    raise ConnectionError(err, request=request)
requests.exceptions.ConnectionError: ('Connection aborted.', RemoteDisconnected('Remote end closed connection without response'))
[Wed Jul 17 13:46:51 2024]
Error in rule download_genome_annotations:
    jobid: 8
    output: /group/testa/michal.kubacki/herring/scenic_all_inhibitory_all_ages/genome_annotation.tsv, /group/testa/michal.kubacki/herring/scenic_all_inhibitory_all_ages/chromsizes.tsv
    shell:
        
        scenicplus prepare_data download_genome_annotations             --species hsapiens             --biomart_host http://www.ensembl.org             --genome_annotation_out_fname /group/testa/michal.kubacki/herring/scenic_all_inhibitory_all_ages/genome_annotation.tsv             --chromsizes_out_fname /group/testa/michal.kubacki/herring/scenic_all_inhibitory_all_ages/chromsizes.tsv
        
        (one of the commands exited with non-zero exit code; note that snakemake uses bash strict mode!)

2024-07-17 13:46:57,027 cisTarget    INFO     Reading cisTarget database
2024-07-17 13:46:57,083 cisTarget    INFO     Reading cisTarget database
2024-07-17 13:46:57,114 cisTarget    INFO     Reading cisTarget database
2024-07-17 13:46:57,132 cisTarget    INFO     Reading cisTarget database
2024-07-17 13:46:57,271 cisTarget    INFO     Reading cisTarget database
2024-07-17 13:46:58,963 cisTarget    INFO     Reading cisTarget database
2024-07-17 13:46:59,507 cisTarget    INFO     Reading cisTarget database
2024-07-17 13:47:00,359 cisTarget    INFO     Reading cisTarget database
2024-07-17 13:47:01,869 cisTarget    INFO     Reading cisTarget database
2024-07-17 13:47:02,348 cisTarget    INFO     Reading cisTarget database
2024-07-17 13:47:02,378 cisTarget    INFO     Reading cisTarget database
2024-07-17 13:47:02,598 cisTarget    INFO     Reading cisTarget database
2024-07-17 13:47:02,637 cisTarget    INFO     Reading cisTarget database
2024-07-17 13:47:02,755 cisTarget    INFO     Reading cisTarget database
2024-07-17 13:47:02,773 cisTarget    INFO     Reading cisTarget database
2024-07-17 13:47:02,798 cisTarget    INFO     Reading cisTarget database
2024-07-17 13:47:02,838 cisTarget    INFO     Reading cisTarget database
2024-07-17 13:47:03,079 cisTarget    INFO     Reading cisTarget database
2024-07-17 13:47:03,153 cisTarget    INFO     Reading cisTarget database
2024-07-17 13:47:03,154 cisTarget    INFO     Reading cisTarget database
2024-07-17 13:47:03,175 cisTarget    INFO     Reading cisTarget database
2024-07-17 13:47:03,180 cisTarget    INFO     Reading cisTarget database
2024-07-17 13:47:03,203 cisTarget    INFO     Reading cisTarget database
2024-07-17 13:47:03,211 cisTarget    INFO     Reading cisTarget database
2024-07-17 13:47:03,228 cisTarget    INFO     Reading cisTarget database
2024-07-17 13:47:03,230 cisTarget    INFO     Reading cisTarget database
2024-07-17 13:47:03,250 cisTarget    INFO     Reading cisTarget database
2024-07-17 13:47:03,250 cisTarget    INFO     Reading cisTarget database
2024-07-17 13:47:03,254 cisTarget    INFO     Reading cisTarget database
2024-07-17 13:47:03,263 cisTarget    INFO     Reading cisTarget database
2024-07-17 13:47:03,266 cisTarget    INFO     Reading cisTarget database
2024-07-17 13:47:03,299 cisTarget    INFO     Reading cisTarget database
2024-07-17 13:47:29,447 cisTarget    INFO     Running cisTarget for Topics_top_3k_Topic10 which has 3000 regions
2024-07-17 13:47:29,449 cisTarget    INFO     Running cisTarget for Topics_top_3k_Topic31 which has 3000 regions
2024-07-17 13:47:29,491 cisTarget    INFO     Running cisTarget for Topics_top_3k_Topic5 which has 3000 regions
2024-07-17 13:47:29,575 cisTarget    INFO     Running cisTarget for Topics_top_3k_Topic38 which has 3000 regions
2024-07-17 13:47:29,645 cisTarget    INFO     Running cisTarget for Topics_top_3k_Topic27 which has 3000 regions
2024-07-17 13:47:29,660 cisTarget    INFO     Running cisTarget for Topics_top_3k_Topic36 which has 3000 regions
2024-07-17 13:47:29,722 cisTarget    INFO     Running cisTarget for Topics_top_3k_Topic16 which has 3000 regions
2024-07-17 13:47:29,729 cisTarget    INFO     Running cisTarget for Topics_top_3k_Topic40 which has 3000 regions
2024-07-17 13:47:29,744 cisTarget    INFO     Running cisTarget for Topics_top_3k_Topic8 which has 3000 regions
2024-07-17 13:47:29,810 cisTarget    INFO     Running cisTarget for Topics_top_3k_Topic25 which has 3000 regions
2024-07-17 13:47:29,864 cisTarget    INFO     Running cisTarget for Topics_top_3k_Topic32 which has 3000 regions
2024-07-17 13:47:29,875 cisTarget    INFO     Running cisTarget for Topics_top_3k_Topic37 which has 3000 regions
2024-07-17 13:47:29,886 cisTarget    INFO     Running cisTarget for Topics_top_3k_Topic18 which has 3000 regions
2024-07-17 13:47:29,894 cisTarget    INFO     Running cisTarget for Topics_top_3k_Topic28 which has 3000 regions
2024-07-17 13:47:29,905 cisTarget    INFO     Running cisTarget for Topics_top_3k_Topic34 which has 3000 regions
2024-07-17 13:47:29,908 cisTarget    INFO     Running cisTarget for Topics_top_3k_Topic6 which has 3000 regions
2024-07-17 13:47:29,940 cisTarget    INFO     Running cisTarget for Topics_top_3k_Topic7 which has 3000 regions
2024-07-17 13:47:29,976 cisTarget    INFO     Running cisTarget for Topics_top_3k_Topic21 which has 3000 regions
2024-07-17 13:47:29,994 cisTarget    INFO     Running cisTarget for Topics_top_3k_Topic30 which has 3000 regions
2024-07-17 13:47:30,056 cisTarget    INFO     Running cisTarget for Topics_top_3k_Topic14 which has 3000 regions
2024-07-17 13:47:30,056 cisTarget    INFO     Running cisTarget for Topics_top_3k_Topic4 which has 3000 regions
2024-07-17 13:47:30,068 cisTarget    INFO     Running cisTarget for Topics_top_3k_Topic11 which has 3000 regions
2024-07-17 13:47:30,070 cisTarget    INFO     Running cisTarget for Topics_top_3k_Topic39 which has 3000 regions
2024-07-17 13:47:30,080 cisTarget    INFO     Running cisTarget for Topics_top_3k_Topic29 which has 3000 regions
2024-07-17 13:47:30,091 cisTarget    INFO     Running cisTarget for Topics_top_3k_Topic33 which has 3000 regions
2024-07-17 13:47:30,092 cisTarget    INFO     Running cisTarget for Topics_top_3k_Topic12 which has 3000 regions
2024-07-17 13:47:30,132 cisTarget    INFO     Running cisTarget for Topics_top_3k_Topic23 which has 3000 regions
2024-07-17 13:47:30,154 cisTarget    INFO     Running cisTarget for Topics_top_3k_Topic3 which has 3000 regions
2024-07-17 13:47:30,163 cisTarget    INFO     Running cisTarget for Topics_top_3k_Topic13 which has 3000 regions
2024-07-17 13:47:30,168 cisTarget    INFO     Running cisTarget for Topics_top_3k_Topic19 which has 3000 regions
2024-07-17 13:47:30,185 cisTarget    INFO     Running cisTarget for Topics_top_3k_Topic15 which has 3000 regions
2024-07-17 13:47:31,667 cisTarget    INFO     Running cisTarget for Topics_top_3k_Topic17 which has 3000 regions
2024-07-17 13:47:35,112 cisTarget    INFO     Annotating motifs for Topics_top_3k_Topic31
2024-07-17 13:47:35,262 cisTarget    INFO     Annotating motifs for Topics_top_3k_Topic8
2024-07-17 13:47:35,402 cisTarget    INFO     Annotating motifs for Topics_top_3k_Topic21
2024-07-17 13:47:35,442 cisTarget    INFO     Annotating motifs for Topics_top_3k_Topic28
2024-07-17 13:47:35,692 cisTarget    INFO     Annotating motifs for Topics_top_3k_Topic11
2024-07-17 13:47:35,767 cisTarget    INFO     Annotating motifs for Topics_top_3k_Topic23
2024-07-17 13:47:35,836 cisTarget    INFO     Annotating motifs for Topics_top_3k_Topic13
2024-07-17 13:47:35,874 cisTarget    INFO     Annotating motifs for Topics_top_3k_Topic4
2024-07-17 13:47:35,883 cisTarget    INFO     Annotating motifs for Topics_top_3k_Topic40
2024-07-17 13:47:35,973 cisTarget    INFO     Annotating motifs for Topics_top_3k_Topic38
2024-07-17 13:47:36,052 cisTarget    INFO     Annotating motifs for Topics_top_3k_Topic19
2024-07-17 13:47:36,145 cisTarget    INFO     Annotating motifs for Topics_top_3k_Topic33
2024-07-17 13:47:36,154 cisTarget    INFO     Annotating motifs for Topics_top_3k_Topic10
2024-07-17 13:47:36,162 cisTarget    INFO     Annotating motifs for Topics_top_3k_Topic34
2024-07-17 13:47:36,195 cisTarget    INFO     Annotating motifs for Topics_top_3k_Topic7
2024-07-17 13:47:36,200 cisTarget    INFO     Annotating motifs for Topics_top_3k_Topic16
2024-07-17 13:47:36,242 cisTarget    INFO     Annotating motifs for Topics_top_3k_Topic32
2024-07-17 13:47:36,262 cisTarget    INFO     Annotating motifs for Topics_top_3k_Topic27
2024-07-17 13:47:36,338 cisTarget    INFO     Annotating motifs for Topics_top_3k_Topic18
2024-07-17 13:47:36,390 cisTarget    INFO     Annotating motifs for Topics_top_3k_Topic25
2024-07-17 13:47:36,418 cisTarget    INFO     Annotating motifs for Topics_top_3k_Topic5
2024-07-17 13:47:36,498 cisTarget    INFO     Annotating motifs for Topics_top_3k_Topic12
2024-07-17 13:47:36,531 cisTarget    INFO     Annotating motifs for Topics_top_3k_Topic6
2024-07-17 13:47:36,559 cisTarget    INFO     Annotating motifs for Topics_top_3k_Topic17
2024-07-17 13:47:36,603 cisTarget    INFO     Annotating motifs for Topics_top_3k_Topic36
2024-07-17 13:47:36,613 cisTarget    INFO     Annotating motifs for Topics_top_3k_Topic37
2024-07-17 13:47:36,632 cisTarget    INFO     Annotating motifs for Topics_top_3k_Topic15
2024-07-17 13:47:36,735 cisTarget    INFO     Annotating motifs for Topics_top_3k_Topic14
2024-07-17 13:47:36,811 cisTarget    INFO     Annotating motifs for Topics_top_3k_Topic39
2024-07-17 13:47:36,822 cisTarget    INFO     Annotating motifs for Topics_top_3k_Topic29
2024-07-17 13:47:37,064 cisTarget    INFO     Annotating motifs for Topics_top_3k_Topic30
2024-07-17 13:47:37,172 cisTarget    INFO     Annotating motifs for Topics_top_3k_Topic3
2024-07-17 13:47:37,368 cisTarget    INFO     Getting cistromes for Topics_top_3k_Topic8
2024-07-17 13:47:37,423 cisTarget    INFO     Getting cistromes for Topics_top_3k_Topic21
2024-07-17 13:47:37,472 cisTarget    INFO     Getting cistromes for Topics_top_3k_Topic31
2024-07-17 13:47:37,520 cisTarget    INFO     Getting cistromes for Topics_top_3k_Topic28
2024-07-17 13:47:37,528 cisTarget    INFO     Getting cistromes for Topics_top_3k_Topic11
2024-07-17 13:47:37,567 cisTarget    INFO     Getting cistromes for Topics_top_3k_Topic13
2024-07-17 13:47:37,578 cisTarget    INFO     Getting cistromes for Topics_top_3k_Topic23
2024-07-17 13:47:37,800 cisTarget    INFO     Reading cisTarget database
2024-07-17 13:47:37,860 cisTarget    INFO     Getting cistromes for Topics_top_3k_Topic40
2024-07-17 13:47:37,879 cisTarget    INFO     Getting cistromes for Topics_top_3k_Topic38
2024-07-17 13:47:37,902 cisTarget    INFO     Reading cisTarget database
2024-07-17 13:47:37,959 cisTarget    INFO     Getting cistromes for Topics_top_3k_Topic19
2024-07-17 13:47:37,967 cisTarget    INFO     Reading cisTarget database
2024-07-17 13:47:37,984 cisTarget    INFO     Getting cistromes for Topics_top_3k_Topic4
2024-07-17 13:47:38,023 cisTarget    INFO     Reading cisTarget database
2024-07-17 13:47:38,077 cisTarget    INFO     Reading cisTarget database
2024-07-17 13:47:38,089 cisTarget    INFO     Getting cistromes for Topics_top_3k_Topic34
2024-07-17 13:47:38,113 cisTarget    INFO     Reading cisTarget database
2024-07-17 13:47:38,206 cisTarget    INFO     Getting cistromes for Topics_top_3k_Topic17
2024-07-17 13:47:38,237 cisTarget    INFO     Reading cisTarget database
2024-07-17 13:47:38,273 cisTarget    INFO     Getting cistromes for Topics_top_3k_Topic32
2024-07-17 13:47:38,299 cisTarget    INFO     Getting cistromes for Topics_top_3k_Topic33
2024-07-17 13:47:38,356 cisTarget    INFO     Getting cistromes for Topics_top_3k_Topic7
2024-07-17 13:47:38,470 cisTarget    INFO     Reading cisTarget database
2024-07-17 13:47:38,548 cisTarget    INFO     Reading cisTarget database
2024-07-17 13:47:38,581 cisTarget    INFO     Reading cisTarget database
2024-07-17 13:47:38,644 cisTarget    INFO     Getting cistromes for Topics_top_3k_Topic15
2024-07-17 13:47:38,681 cisTarget    INFO     Reading cisTarget database
2024-07-17 13:47:38,723 cisTarget    INFO     Reading cisTarget database
2024-07-17 13:47:38,837 cisTarget    INFO     Getting cistromes for Topics_top_3k_Topic27
2024-07-17 13:47:38,865 cisTarget    INFO     Reading cisTarget database
2024-07-17 13:47:38,875 cisTarget    INFO     Getting cistromes for Topics_top_3k_Topic12
2024-07-17 13:47:38,909 cisTarget    INFO     Getting cistromes for Topics_top_3k_Topic14
2024-07-17 13:47:38,915 cisTarget    INFO     Getting cistromes for Topics_top_3k_Topic18
2024-07-17 13:47:38,921 cisTarget    INFO     Getting cistromes for Topics_top_3k_Topic39
2024-07-17 13:47:38,948 cisTarget    INFO     Getting cistromes for Topics_top_3k_Topic16
2024-07-17 13:47:39,033 cisTarget    INFO     Reading cisTarget database
2024-07-17 13:47:39,079 cisTarget    INFO     Getting cistromes for Topics_top_3k_Topic10
2024-07-17 13:47:39,155 cisTarget    INFO     Reading cisTarget database
2024-07-17 13:47:39,212 cisTarget    INFO     Getting cistromes for Topics_top_3k_Topic37
2024-07-17 13:47:39,250 cisTarget    INFO     Getting cistromes for Topics_top_3k_Topic25
2024-07-17 13:47:39,265 cisTarget    INFO     Reading cisTarget database
2024-07-17 13:47:39,276 cisTarget    INFO     Getting cistromes for Topics_top_3k_Topic6
2024-07-17 13:47:39,450 cisTarget    INFO     Getting cistromes for Topics_top_3k_Topic29
2024-07-17 13:47:39,460 cisTarget    INFO     Reading cisTarget database
2024-07-17 13:47:39,486 cisTarget    INFO     Getting cistromes for Topics_top_3k_Topic3
2024-07-17 13:47:39,519 cisTarget    INFO     Getting cistromes for Topics_top_3k_Topic30
2024-07-17 13:47:39,729 cisTarget    INFO     Reading cisTarget database
2024-07-17 13:47:39,846 cisTarget    INFO     Getting cistromes for Topics_top_3k_Topic5
2024-07-17 13:47:39,934 cisTarget    INFO     Reading cisTarget database
2024-07-17 13:47:40,053 cisTarget    INFO     Reading cisTarget database
2024-07-17 13:47:40,224 cisTarget    INFO     Getting cistromes for Topics_top_3k_Topic36
2024-07-17 13:47:40,279 cisTarget    INFO     Reading cisTarget database
2024-07-17 13:47:40,544 cisTarget    INFO     Reading cisTarget database
2024-07-17 13:47:40,797 cisTarget    INFO     Reading cisTarget database
2024-07-17 13:47:41,136 cisTarget    INFO     Reading cisTarget database
2024-07-17 13:47:41,326 cisTarget    INFO     Reading cisTarget database
2024-07-17 13:47:41,341 cisTarget    INFO     Running cisTarget for Topics_top_3k_Topic1 which has 3000 regions
2024-07-17 13:47:41,506 cisTarget    INFO     Reading cisTarget database
2024-07-17 13:47:41,562 cisTarget    INFO     Running cisTarget for Topics_top_3k_Topic35 which has 3000 regions
2024-07-17 13:47:41,702 cisTarget    INFO     Reading cisTarget database
2024-07-17 13:47:41,981 cisTarget    INFO     Reading cisTarget database
2024-07-17 13:47:42,211 cisTarget    INFO     Reading cisTarget database
2024-07-17 13:47:42,485 cisTarget    INFO     Reading cisTarget database
2024-07-17 13:47:42,645 cisTarget    INFO     Running cisTarget for Topics_otsu_Topic40 which has 2588 regions
2024-07-17 13:47:42,808 cisTarget    INFO     Running cisTarget for Topics_top_3k_Topic2 which has 3000 regions
2024-07-17 13:47:42,889 cisTarget    INFO     Reading cisTarget database
2024-07-17 13:47:43,749 cisTarget    INFO     Reading cisTarget database
2024-07-17 13:47:43,924 cisTarget    INFO     Running cisTarget for Topics_otsu_Topic16 which has 5196 regions
2024-07-17 13:47:43,926 cisTarget    INFO     Annotating motifs for Topics_top_3k_Topic1
2024-07-17 13:47:44,215 cisTarget    INFO     Annotating motifs for Topics_top_3k_Topic35
2024-07-17 13:47:44,631 cisTarget    INFO     Running cisTarget for Topics_otsu_Topic39 which has 4026 regions
2024-07-17 13:47:44,632 cisTarget    INFO     Running cisTarget for Topics_otsu_Topic30 which has 3588 regions
2024-07-17 13:47:44,822 cisTarget    INFO     Annotating motifs for Topics_otsu_Topic40
2024-07-17 13:47:45,316 cisTarget    INFO     Annotating motifs for Topics_top_3k_Topic2
2024-07-17 13:47:46,141 cisTarget    INFO     Running cisTarget for Topics_otsu_Topic29 which has 2907 regions
2024-07-17 13:47:46,209 cisTarget    INFO     Getting cistromes for Topics_top_3k_Topic1
2024-07-17 13:47:46,587 cisTarget    INFO     Getting cistromes for Topics_top_3k_Topic35
2024-07-17 13:47:46,750 cisTarget    INFO     Getting cistromes for Topics_otsu_Topic40
2024-07-17 13:47:46,754 cisTarget    INFO     Running cisTarget for Topics_otsu_Topic36 which has 4301 regions
2024-07-17 13:47:47,035 cisTarget    INFO     Reading cisTarget database
2024-07-17 13:47:47,234 cisTarget    INFO     Reading cisTarget database
2024-07-17 13:47:47,254 cisTarget    INFO     Annotating motifs for Topics_otsu_Topic30
2024-07-17 13:47:47,265 cisTarget    INFO     Annotating motifs for Topics_otsu_Topic39
2024-07-17 13:47:47,459 cisTarget    INFO     Getting cistromes for Topics_top_3k_Topic2
2024-07-17 13:47:47,497 cisTarget    INFO     Reading cisTarget database
2024-07-17 13:47:47,555 cisTarget    INFO     Running cisTarget for Topics_otsu_Topic10 which has 5010 regions
2024-07-17 13:47:47,835 cisTarget    INFO     Running cisTarget for Topics_otsu_Topic25 which has 7047 regions
2024-07-17 13:47:47,900 cisTarget    INFO     Annotating motifs for Topics_otsu_Topic16
2024-07-17 13:47:47,907 cisTarget    INFO     Running cisTarget for Topics_top_3k_Topic9 which has 3000 regions
2024-07-17 13:47:48,111 cisTarget    INFO     Reading cisTarget database
2024-07-17 13:47:48,440 cisTarget    INFO     Running cisTarget for Topics_top_3k_Topic22 which has 3000 regions
2024-07-17 13:47:48,960 cisTarget    INFO     Running cisTarget for Topics_top_3k_Topic24 which has 3000 regions
2024-07-17 13:47:49,228 cisTarget    INFO     Annotating motifs for Topics_otsu_Topic29
2024-07-17 13:47:49,531 cisTarget    INFO     Getting cistromes for Topics_otsu_Topic39
2024-07-17 13:47:49,820 cisTarget    INFO     Getting cistromes for Topics_otsu_Topic30
2024-07-17 13:47:50,289 cisTarget    INFO     Annotating motifs for Topics_top_3k_Topic9
2024-07-17 13:47:50,676 cisTarget    INFO     Annotating motifs for Topics_otsu_Topic36
2024-07-17 13:47:50,984 cisTarget    INFO     Annotating motifs for Topics_top_3k_Topic22
2024-07-17 13:47:51,109 cisTarget    INFO     Running cisTarget for Topics_otsu_Topic27 which has 4194 regions
2024-07-17 13:47:51,278 cisTarget    INFO     Running cisTarget for Topics_otsu_Topic18 which has 5545 regions
2024-07-17 13:47:51,341 cisTarget    INFO     Annotating motifs for Topics_otsu_Topic10
2024-07-17 13:47:51,356 cisTarget    INFO     Annotating motifs for Topics_top_3k_Topic24
2024-07-17 13:47:51,510 cisTarget    INFO     Running cisTarget for Topics_top_3k_Topic26 which has 3000 regions
/home/michal.kubacki/miniconda3/envs/scenicplusnew/lib/python3.11/site-packages/joblib/externals/loky/process_executor.py:752: UserWarning: A worker stopped while some jobs were given to the executor. This can be caused by a too short worker timeout or by a memory leak.
  warnings.warn(
2024-07-17 13:47:51,694 cisTarget    INFO     Getting cistromes for Topics_otsu_Topic16
2024-07-17 13:47:51,711 cisTarget    INFO     Getting cistromes for Topics_otsu_Topic29
2024-07-17 13:47:51,820 cisTarget    INFO     Reading cisTarget database
2024-07-17 13:47:52,338 cisTarget    INFO     Getting cistromes for Topics_top_3k_Topic9
2024-07-17 13:47:52,515 cisTarget    INFO     Annotating motifs for Topics_otsu_Topic25
2024-07-17 13:47:52,831 cisTarget    INFO     Reading cisTarget database
2024-07-17 13:47:52,858 cisTarget    INFO     Running cisTarget for Topics_otsu_Topic34 which has 5754 regions
2024-07-17 13:47:52,939 cisTarget    INFO     Reading cisTarget database
2024-07-17 13:47:53,202 cisTarget    INFO     Getting cistromes for Topics_top_3k_Topic24
2024-07-17 13:47:53,267 cisTarget    INFO     Getting cistromes for Topics_top_3k_Topic22
2024-07-17 13:47:53,553 cisTarget    INFO     Reading cisTarget database
2024-07-17 13:47:53,588 cisTarget    INFO     Annotating motifs for Topics_top_3k_Topic26
2024-07-17 13:47:53,670 cisTarget    INFO     Running cisTarget for Topics_otsu_Topic31 which has 6273 regions
2024-07-17 13:47:53,841 cisTarget    INFO     Running cisTarget for DARs_cell_type_PV which has 6073 regions
2024-07-17 13:47:54,081 cisTarget    INFO     Reading cisTarget database
2024-07-17 13:47:54,486 cisTarget    INFO     Annotating motifs for Topics_otsu_Topic27
2024-07-17 13:47:54,539 cisTarget    INFO     Reading cisTarget database
2024-07-17 13:47:54,931 cisTarget    INFO     Getting cistromes for Topics_otsu_Topic36
2024-07-17 13:47:54,999 cisTarget    INFO     Getting cistromes for Topics_otsu_Topic10
2024-07-17 13:47:55,079 cisTarget    INFO     Annotating motifs for Topics_otsu_Topic18
2024-07-17 13:47:55,409 cisTarget    INFO     Getting cistromes for Topics_top_3k_Topic26
2024-07-17 13:47:55,599 cisTarget    INFO     Reading cisTarget database
2024-07-17 13:47:55,733 cisTarget    INFO     Running cisTarget for Topics_otsu_Topic37 which has 8943 regions
2024-07-17 13:47:55,772 cisTarget    INFO     Running cisTarget for Topics_top_3k_Topic20 which has 3000 regions
2024-07-17 13:47:55,887 cisTarget    INFO     Running cisTarget for Topics_otsu_Topic6 which has 6298 regions
2024-07-17 13:47:56,007 cisTarget    INFO     Annotating motifs for Topics_otsu_Topic34
2024-07-17 13:47:56,742 cisTarget    INFO     Running cisTarget for Topics_otsu_Topic38 which has 9739 regions
2024-07-17 13:47:56,967 cisTarget    INFO     Annotating motifs for Topics_otsu_Topic31
2024-07-17 13:47:57,142 cisTarget    INFO     Running cisTarget for Topics_otsu_Topic12 which has 8260 regions
2024-07-17 13:47:57,147 cisTarget    INFO     Getting cistromes for Topics_otsu_Topic25
2024-07-17 13:47:57,355 cisTarget    INFO     Running cisTarget for Topics_otsu_Topic5 which has 6562 regions
2024-07-17 13:47:57,533 cisTarget    INFO     Running cisTarget for DARs_cell_type_VIP which has 10031 regions
2024-07-17 13:47:57,699 cisTarget    INFO     Getting cistromes for Topics_otsu_Topic27
2024-07-17 13:47:57,754 cisTarget    INFO     Annotating motifs for Topics_top_3k_Topic20
2024-07-17 13:47:57,764 cisTarget    INFO     Running cisTarget for Topics_otsu_Topic4 which has 7659 regions
2024-07-17 13:47:57,904 cisTarget    INFO     Running cisTarget for Topics_otsu_Topic11 which has 8714 regions
2024-07-17 13:47:57,916 cisTarget    INFO     Running cisTarget for Topics_otsu_Topic23 which has 10859 regions
2024-07-17 13:47:57,938 cisTarget    INFO     Annotating motifs for DARs_cell_type_PV
2024-07-17 13:47:58,045 cisTarget    INFO     Running cisTarget for Topics_otsu_Topic3 which has 9890 regions
2024-07-17 13:47:58,049 cisTarget    INFO     Running cisTarget for Topics_otsu_Topic8 which has 8817 regions
2024-07-17 13:47:58,194 cisTarget    INFO     Running cisTarget for DARs_cell_type_MGE_dev which has 9891 regions
2024-07-17 13:47:58,357 cisTarget    INFO     Getting cistromes for Topics_otsu_Topic18
2024-07-17 13:47:58,429 cisTarget    INFO     Getting cistromes for Topics_otsu_Topic34
2024-07-17 13:47:58,505 cisTarget    INFO     Running cisTarget for Topics_otsu_Topic15 which has 14407 regions
2024-07-17 13:47:58,646 cisTarget    INFO     Running cisTarget for Topics_otsu_Topic33 which has 10037 regions
2024-07-17 13:47:58,688 cisTarget    INFO     Running cisTarget for DARs_cell_type_SST which has 15914 regions
2024-07-17 13:47:58,747 cisTarget    INFO     Running cisTarget for Topics_otsu_Topic19 which has 12843 regions
2024-07-17 13:47:59,233 cisTarget    INFO     Running cisTarget for Topics_otsu_Topic14 which has 12062 regions
2024-07-17 13:47:59,277 cisTarget    INFO     Running cisTarget for Topics_otsu_Topic28 which has 7014 regions
2024-07-17 13:47:59,296 cisTarget    INFO     Getting cistromes for Topics_otsu_Topic31
2024-07-17 13:47:59,562 cisTarget    INFO     Getting cistromes for Topics_top_3k_Topic20
2024-07-17 13:48:00,189 cisTarget    INFO     Running cisTarget for Topics_otsu_Topic32 which has 8343 regions
2024-07-17 13:48:00,496 cisTarget    INFO     Reading cisTarget database
2024-07-17 13:48:00,792 cisTarget    INFO     Getting cistromes for DARs_cell_type_PV
2024-07-17 13:48:00,920 cisTarget    INFO     Annotating motifs for Topics_otsu_Topic6
2024-07-17 13:48:01,098 cisTarget    INFO     Running cisTarget for Topics_otsu_Topic21 which has 10981 regions
2024-07-17 13:48:01,514 cisTarget    INFO     Running cisTarget for Topics_otsu_Topic7 which has 13292 regions
2024-07-17 13:48:01,734 cisTarget    INFO     Annotating motifs for Topics_otsu_Topic38
2024-07-17 13:48:01,867 cisTarget    INFO     Annotating motifs for Topics_otsu_Topic11
2024-07-17 13:48:02,064 cisTarget    INFO     Annotating motifs for Topics_otsu_Topic8
2024-07-17 13:48:02,179 cisTarget    INFO     Annotating motifs for Topics_otsu_Topic4
2024-07-17 13:48:02,626 cisTarget    INFO     Annotating motifs for Topics_otsu_Topic28
2024-07-17 13:48:02,772 cisTarget    INFO     Annotating motifs for Topics_otsu_Topic23
2024-07-17 13:48:02,785 cisTarget    INFO     Annotating motifs for Topics_otsu_Topic37
2024-07-17 13:48:02,830 cisTarget    INFO     Annotating motifs for Topics_otsu_Topic5
2024-07-17 13:48:03,266 cisTarget    INFO     Annotating motifs for DARs_cell_type_VIP
2024-07-17 13:48:03,359 cisTarget    INFO     Annotating motifs for Topics_otsu_Topic12
2024-07-17 13:48:03,598 cisTarget    INFO     Annotating motifs for DARs_cell_type_SST
2024-07-17 13:48:03,608 cisTarget    INFO     Annotating motifs for DARs_cell_type_MGE_dev
2024-07-17 13:48:03,609 cisTarget    INFO     Running cisTarget for Topics_otsu_Topic9 which has 3846 regions
2024-07-17 13:48:03,726 cisTarget    INFO     Annotating motifs for Topics_otsu_Topic3
2024-07-17 13:48:03,896 cisTarget    INFO     Getting cistromes for Topics_otsu_Topic11
2024-07-17 13:48:03,922 cisTarget    INFO     Running cisTarget for Topics_otsu_Topic17 which has 18350 regions
2024-07-17 13:48:03,985 cisTarget    INFO     Getting cistromes for Topics_otsu_Topic38
2024-07-17 13:48:04,056 cisTarget    INFO     Getting cistromes for Topics_otsu_Topic8
2024-07-17 13:48:04,062 cisTarget    INFO     Annotating motifs for Topics_otsu_Topic19
2024-07-17 13:48:04,080 cisTarget    INFO     Annotating motifs for Topics_otsu_Topic33
2024-07-17 13:48:04,319 cisTarget    INFO     Getting cistromes for Topics_otsu_Topic6
2024-07-17 13:48:04,594 cisTarget    INFO     Getting cistromes for Topics_otsu_Topic4
2024-07-17 13:48:04,603 cisTarget    INFO     Getting cistromes for Topics_otsu_Topic28
2024-07-17 13:48:04,728 cisTarget    INFO     Annotating motifs for Topics_otsu_Topic15
2024-07-17 13:48:04,781 cisTarget    INFO     Annotating motifs for Topics_otsu_Topic32
2024-07-17 13:48:04,967 cisTarget    INFO     Getting cistromes for Topics_otsu_Topic23
2024-07-17 13:48:05,211 cisTarget    INFO     Annotating motifs for Topics_otsu_Topic14
2024-07-17 13:48:05,441 cisTarget    INFO     Getting cistromes for DARs_cell_type_SST
2024-07-17 13:48:05,572 cisTarget    INFO     Annotating motifs for Topics_otsu_Topic21
2024-07-17 13:48:06,039 cisTarget    INFO     Getting cistromes for DARs_cell_type_VIP
2024-07-17 13:48:06,140 cisTarget    INFO     Annotating motifs for Topics_otsu_Topic9
2024-07-17 13:48:06,207 cisTarget    INFO     Getting cistromes for DARs_cell_type_MGE_dev
2024-07-17 13:48:06,419 cisTarget    INFO     Getting cistromes for Topics_otsu_Topic19
2024-07-17 13:48:06,472 cisTarget    INFO     Reading cisTarget database
2024-07-17 13:48:06,660 cisTarget    INFO     Getting cistromes for Topics_otsu_Topic33
2024-07-17 13:48:06,694 cisTarget    INFO     Getting cistromes for Topics_otsu_Topic12
2024-07-17 13:48:06,704 cisTarget    INFO     Getting cistromes for Topics_otsu_Topic3
2024-07-17 13:48:07,016 cisTarget    INFO     Getting cistromes for Topics_otsu_Topic37
2024-07-17 13:48:07,190 cisTarget    INFO     Getting cistromes for Topics_otsu_Topic32
2024-07-17 13:48:07,322 cisTarget    INFO     Getting cistromes for Topics_otsu_Topic15
2024-07-17 13:48:07,714 cisTarget    INFO     Getting cistromes for Topics_otsu_Topic21
2024-07-17 13:48:08,059 cisTarget    INFO     Getting cistromes for Topics_otsu_Topic5
2024-07-17 13:48:08,212 cisTarget    INFO     Annotating motifs for Topics_otsu_Topic7
2024-07-17 13:48:08,231 cisTarget    INFO     Getting cistromes for Topics_otsu_Topic14
2024-07-17 13:48:08,318 cisTarget    INFO     Getting cistromes for Topics_otsu_Topic9
2024-07-17 13:48:08,583 cisTarget    INFO     Annotating motifs for Topics_otsu_Topic17
2024-07-17 13:48:09,410 cisTarget    INFO     Running cisTarget for Topics_otsu_Topic1 which has 5849 regions
2024-07-17 13:48:10,247 cisTarget    INFO     Getting cistromes for Topics_otsu_Topic17
2024-07-17 13:48:10,996 cisTarget    INFO     Reading cisTarget database
2024-07-17 13:48:11,608 cisTarget    INFO     Getting cistromes for Topics_otsu_Topic7
2024-07-17 13:48:12,808 cisTarget    INFO     Annotating motifs for Topics_otsu_Topic1
2024-07-17 13:48:13,695 cisTarget    INFO     Running cisTarget for Topics_otsu_Topic2 which has 5083 regions
2024-07-17 13:48:15,995 cisTarget    INFO     Getting cistromes for Topics_otsu_Topic1
2024-07-17 13:48:16,512 cisTarget    INFO     Annotating motifs for Topics_otsu_Topic2
2024-07-17 13:48:18,779 cisTarget    INFO     Getting cistromes for Topics_otsu_Topic2
2024-07-17 13:48:46,143 cisTarget    INFO     Reading cisTarget database
2024-07-17 13:48:49,650 cisTarget    INFO     Running cisTarget for Topics_otsu_Topic13 which has 12267 regions
2024-07-17 13:48:56,198 cisTarget    INFO     Annotating motifs for Topics_otsu_Topic13
2024-07-17 13:48:58,079 cisTarget    INFO     Getting cistromes for Topics_otsu_Topic13
2024-07-17 13:49:05,999 cisTarget    INFO     Reading cisTarget database
2024-07-17 13:49:08,568 cisTarget    INFO     Running cisTarget for Topics_otsu_Topic22 which has 7378 regions
2024-07-17 13:49:08,971 cisTarget    INFO     Reading cisTarget database
2024-07-17 13:49:11,483 cisTarget    INFO     Reading cisTarget database
2024-07-17 13:49:12,148 cisTarget    INFO     Reading cisTarget database
2024-07-17 13:49:12,840 cisTarget    INFO     Reading cisTarget database
2024-07-17 13:49:13,528 cisTarget    INFO     Running cisTarget for Topics_otsu_Topic35 which has 3133 regions
2024-07-17 13:49:14,978 cisTarget    INFO     Running cisTarget for Topics_otsu_Topic26 which has 7884 regions
2024-07-17 13:49:15,214 cisTarget    INFO     Running cisTarget for Topics_otsu_Topic24 which has 4340 regions
2024-07-17 13:49:15,645 cisTarget    INFO     Annotating motifs for Topics_otsu_Topic22
2024-07-17 13:49:18,422 cisTarget    INFO     Running cisTarget for Topics_otsu_Topic20 which has 17566 regions
2024-07-17 13:49:18,922 cisTarget    INFO     Annotating motifs for Topics_otsu_Topic35
2024-07-17 13:49:19,282 cisTarget    INFO     Getting cistromes for Topics_otsu_Topic22
2024-07-17 13:49:20,321 cisTarget    INFO     Annotating motifs for Topics_otsu_Topic24
2024-07-17 13:49:20,807 cisTarget    INFO     Annotating motifs for Topics_otsu_Topic26
2024-07-17 13:49:21,234 cisTarget    INFO     Getting cistromes for Topics_otsu_Topic35
2024-07-17 13:49:22,177 cisTarget    INFO     Getting cistromes for Topics_otsu_Topic24
2024-07-17 13:49:22,677 cisTarget    INFO     Getting cistromes for Topics_otsu_Topic26
2024-07-17 13:49:25,240 cisTarget    INFO     Annotating motifs for Topics_otsu_Topic20
2024-07-17 13:49:26,730 cisTarget    INFO     Getting cistromes for Topics_otsu_Topic20
2024-07-17 13:49:26,768 SCENIC+      INFO     Writing html to: /group/testa/michal.kubacki/herring/scenic_all_inhibitory_all_ages/ctx_results.html
2024-07-17 13:49:27,527 SCENIC+      INFO     Writing output to: /group/testa/michal.kubacki/herring/scenic_all_inhibitory_all_ages/ctx_results.hdf5
[Wed Jul 17 13:50:09 2024]
Finished job 9.
1 of 14 steps (7%) done
Shutting down, this might take some time.
Exiting because a job execution failed. Look above for error message
Complete log: .snakemake/log/2024-07-17T133929.151429.snakemake.log
WorkflowError:
At least one job did not complete successfully.
slurmstepd: error: _cgroup_procs_check: failed on path /sys/fs/cgroup/memory/slurm/uid_10666/job_13599401/step_batch/cgroup.procs: No such file or directory
slurmstepd: error: unable to read '/sys/fs/cgroup/memory/slurm/uid_10666/job_13599401/step_batch/cgroup.procs'
